{"ts": "2026-04-27T18:40:34Z", "action": "costsheet_generated", "ref": "LEV-SIEM-001", "pm": "lgursoy", "client": "Siemens AG", "status": "success", "detail": "Client + internal copy generated (v1). HelmsBriscoe commission: EUR 11,594.64", "version": 1, "files": ["/Users/nitinsachdeva/ods-turkey-brain/outputs/costsheet-siemens-istanbul-LEV-SIEM-001-v1.xlsx", "/Users/nitinsachdeva/ods-turkey-brain/outputs/costsheet-siemens-istanbul-LEV-SIEM-001-v1-INTERNAL.xlsx"]}
{"ts": "2026-04-27T18:40:41Z", "action": "proposal_generated", "ref": "LEV-SIEM-001", "pm": "lgursoy", "client": "Siemens AG", "status": "success", "detail": "Proposal PPTX generated (v1) — 19 slides", "version": 1, "files": ["/Users/nitinsachdeva/ods-turkey-brain/outputs/proposal-siemens-istanbul-LEV-SIEM-001-v1.pptx"]}
{"ts": "2026-04-28T05:03:39Z", "action": "proposal_generated", "ref": "LEV-SIEM-001", "pm": "lgursoy", "client": "Siemens AG", "status": "success", "detail": "Proposal PPTX generated (v1) — 19 slides", "version": 1, "files": ["/Users/nitinsachdeva/ods-turkey-brain/outputs/proposal-siemens-istanbul-LEV-SIEM-001-v1.pptx"]}
{"ts": "2026-04-28T08:45:45Z", "action": "proposal_generated", "ref": "LEV-BMW-001", "pm": "lgursoy", "client": "BMW AG", "status": "success", "detail": "Proposal PPTX generated (v1) — 18 slides", "version": 1, "files": ["/Users/nitinsachdeva/ods-turkey-brain/outputs/proposal-bmw-istanbul-LEV-BMW-001-v1.pptx"]}
{"ts": "2026-04-28T08:57:44Z", "action": "costsheet_generated", "ref": "LEV-SIEM-001", "pm": "lgursoy", "client": "Siemens AG", "status": "success", "detail": "Client + internal copy generated (v1). HelmsBriscoe commission: EUR 11,594.64", "version": 1, "files": ["/Users/nitinsachdeva/ods-turkey-brain/outputs/costsheet-siemens-istanbul-LEV-SIEM-001-v1.xlsx", "/Users/nitinsachdeva/ods-turkey-brain/outputs/costsheet-siemens-istanbul-LEV-SIEM-001-v1-INTERNAL.xlsx"]}
{"ts": "2026-04-28T09:05:49Z", "action": "costsheet_generated", "ref": "LEV-BMW-001", "pm": "lgursoy", "client": "BMW AG", "status": "success", "detail": "Client + internal copy generated (v1). Representative TBA.", "version": 1, "files": ["/Users/nitinsachdeva/ods-turkey-brain/outputs/costsheet-bmw-istanbul-LEV-BMW-001-v1.xlsx", "/Users/nitinsachdeva/ods-turkey-brain/outputs/costsheet-bmw-istanbul-LEV-BMW-001-v1-INTERNAL.xlsx"]}
{"ts": "2026-04-28T10:38:39Z", "action": "costsheet_generated", "ref": "LEV-BMW-001", "pm": "lgursoy", "client": "BMW AG", "status": "success", "detail": "Client + internal copy (v1). Rep: not set", "version": 1, "files": ["/Users/nitinsachdeva/ods-turkey-brain/outputs/costsheet-bmw-ag-istanbul-LEV-BMW-001-v1.xlsx", "/Users/nitinsachdeva/ods-turkey-brain/outputs/costsheet-bmw-ag-istanbul-LEV-BMW-001-v1-INTERNAL.xlsx"]}
{"ts": "2026-04-28T10:38:48Z", "action": "proposal_generated", "ref": "LEV-BMW-001", "pm": "lgursoy", "client": "BMW AG", "status": "success", "detail": "Proposal PPTX generated (v1) — 22 slides", "version": 1, "files": ["/Users/nitinsachdeva/ods-turkey-brain/outputs/proposal-bmw-ag-istanbul-LEV-BMW-001-v1.pptx"]}
{"ts": "2026-04-28T18:53:35Z", "action": "proposal_generated", "ref": "LEV-BMW-001", "pm": "lgursoy", "client": "BMW AG", "status": "success", "detail": "Proposal PPTX generated (v1) — 22 slides", "version": 1, "files": ["/Users/nitinsachdeva/ods-turkey-brain/outputs/proposal-bmw-ag-istanbul-LEV-BMW-001-v1.pptx"]}
{"ts": "2026-04-28T19:00:57Z", "action": "proposal_generated", "ref": "LEV-BMW-001", "pm": "lgursoy", "client": "BMW AG", "status": "success", "detail": "Proposal PPTX generated (v1) — 22 slides", "version": 1, "files": ["/opt/ods-turkey-brain/outputs/proposal-bmw-ag-istanbul-LEV-BMW-001-v1.pptx"]}
{"ts": "2026-04-29T05:00:05Z", "action": "intake_confirmation", "ref": "", "pm": "lgursoy", "client": "play@email.slots99.com", "status": "info", "detail": "Your Reward Is Here!💕"}
{"ts": "2026-04-29T05:00:06Z", "action": "intake_confirmation", "ref": "", "pm": "lgursoy", "client": "privera@dservice.mx", "status": "info", "detail": "Re: Dinner & Transportation Quotation Request – NOVO Nordisk Group"}
{"ts": "2026-04-29T05:00:08Z", "action": "intake_confirmation", "ref": "", "pm": "lgursoy", "client": "dilaso.bolbekova@rixos.com", "status": "info", "detail": "Rixos Tersane İstanbul - Stop Sale"}
{"ts": "2026-04-29T05:00:09Z", "action": "intake_confirmation", "ref": "", "pm": "lgursoy", "client": "sales@euromsg.net", "status": "info", "detail": "STOP SALE  CULLINAN BELEK 28.04.2026"}
{"ts": "2026-04-29T05:00:10Z", "action": "intake_confirmation", "ref": "", "pm": "lgursoy", "client": "sales@euromsg.net", "status": "info", "detail": "STOP SALE  CULLINAN BELEK 28.04.2026"}
{"ts": "2026-04-29T05:00:10Z", "action": "intake_confirmation", "ref": "", "pm": "lgursoy", "client": "sales@euromsg.net", "status": "info", "detail": "STOP SALE  CULLINAN BELEK 28.04.2026"}
{"ts": "2026-04-29T05:00:16Z", "action": "intake_confirmation", "ref": "", "pm": "esakic", "client": "no-reply@folk.app", "status": "info", "detail": "Follow-up with Simay Kabaci"}
{"ts": "2026-04-29T05:00:17Z", "action": "intake_confirmation", "ref": "", "pm": "esakic", "client": "no-reply@folk.app", "status": "info", "detail": "Follow-up with Simay Kabaci"}
{"ts": "2026-04-29T05:00:17Z", "action": "intake_confirmation", "ref": "", "pm": "esakic", "client": "no-reply@folk.app", "status": "info", "detail": "Follow-up with Hatice Kondul"}
{"ts": "2026-04-29T05:00:18Z", "action": "intake_confirmation", "ref": "", "pm": "esakic", "client": "no-reply@folk.app", "status": "info", "detail": "Follow-up with Hatice Restaurant"}
{"ts": "2026-04-29T05:00:18Z", "action": "intake_confirmation", "ref": "", "pm": "esakic", "client": "no-reply@folk.app", "status": "info", "detail": "Follow-up with Selin Songur"}
{"ts": "2026-04-29T05:00:19Z", "action": "intake_confirmation", "ref": "", "pm": "esakic", "client": "no-reply@folk.app", "status": "info", "detail": "Follow-up with Millocal Restaurant"}
{"ts": "2026-04-29T05:00:20Z", "action": "intake_confirmation", "ref": "", "pm": "esakic", "client": "privera@dservice.mx", "status": "info", "detail": "Re: Dinner & Transportation Quotation Request – NOVO Nordisk Group"}
{"ts": "2026-04-29T05:00:23Z", "action": "intake_confirmation", "ref": "", "pm": "esakic", "client": "info@quantum-yazilim.com", "status": "info", "detail": "Automated myonlinedmc request confirm message"}
{"ts": "2026-04-29T05:00:30Z", "action": "daily_intake_complete", "ref": "", "pm": "", "client": "", "status": "success", "detail": "105 emails · 24 INTERNAL · 47 IRRELEVANT · 11 SUPPLIER_QUOTE · 14 CONFIRMATION · 9 CLIENT_FOLLOWUP"}
{"ts": "2026-04-29T09:19:07Z", "action": "folk_deal_created", "ref": "LEV-BOSCH-001", "pm": "Levent Gursoy", "client": "Bosch GmbH", "status": "success", "detail": "Created company: Bosch GmbH; Created contact: Thomas Becker; Added to pipeline: Bosch GmbH — Istanbul Sep 2026; Added note to contact", "folk_person_id": "per_6772cc0a-5c6d-456c-9bf1-2fadb9af0583", "folk_company_id": "com_80cd2744-ead9-45a1-b78b-e9bb73c59c91"}
{"ts": "2026-04-29T09:37:59Z", "action": "costsheet_generated", "ref": "LEV-BOSC-001", "pm": "lgursoy", "client": "Bosch GmbH", "status": "success", "detail": "Client + internal copy (v1). Rep: tourism-affairs-eva-muric-business-received-from", "version": 1, "files": ["/opt/ods-turkey-brain/outputs/costsheet-bosch-gmbh-istanbul-LEV-BOSC-001-v1.xlsx", "/opt/ods-turkey-brain/outputs/costsheet-bosch-gmbh-istanbul-LEV-BOSC-001-v1-INTERNAL.xlsx"]}
{"ts": "2026-04-29T10:20:49Z", "action": "costsheet_generated", "ref": "LEV-BOSC-001", "pm": "lgursoy", "client": "Bosch GmbH", "status": "success", "detail": "Client + internal copy (v1). Rep: tourism-affairs-eva-muric-business-received-from", "version": 1, "files": ["/opt/ods-turkey-brain/outputs/costsheet-bosch-gmbh-istanbul-LEV-BOSC-001-v1.xlsx", "/opt/ods-turkey-brain/outputs/costsheet-bosch-gmbh-istanbul-LEV-BOSC-001-v1-INTERNAL.xlsx"]}
{"ts": "2026-04-29T10:21:24Z", "action": "proposal_generated", "ref": "LEV-BOSC-001", "pm": "lgursoy", "client": "Bosch GmbH", "status": "success", "detail": "Proposal PPTX generated (v1) — 23 slides", "version": 1, "files": ["/opt/ods-turkey-brain/outputs/proposal-bosch-gmbh-istanbul-LEV-BOSC-001-v1.pptx"]}
{"ts": "2026-04-29T10:25:36Z", "action": "folk_deal_created", "ref": "LEV-BOSC-001", "pm": "Levent Gursoy", "client": "Bosch GmbH", "status": "success", "detail": "Created contact: Thomas Becker; Added to pipeline: Bosch GmbH — Istanbul Sep 2026; Added note to contact; Found existing company: Bosch GmbH", "folk_person_id": "per_e37f0fcd-dddf-47b6-aad7-4a4e499d3a47", "folk_company_id": "com_80cd2744-ead9-45a1-b78b-e9bb73c59c91"}
{"ts": "2026-04-29T10:28:06Z", "action": "folk_status_updated", "ref": "", "pm": "", "client": "", "status": "error", "detail": "HTTP Error 404: Not Found", "folk_group_id": "grp_0a502b06-0eac-4558-a34a-369560171a4b", "new_status": "Proposal sent"}
{"ts": "2026-04-29T11:36:50Z", "action": "folk_status_updated", "ref": "", "pm": "", "client": "", "status": "error", "detail": "HTTP Error 404: Not Found", "folk_group_id": "grp_0a502b06-0eac-4558-a34a-369560171a4b", "new_status": "Proposal sent"}
{"ts": "2026-04-29T11:46:43Z", "action": "folk_deal_created", "ref": "LEV-FERR-001", "pm": "Levent Gursoy", "client": "Ferrero SpA", "status": "success", "detail": "Created company: Ferrero SpA; Created contact: Marco Bianchi; Added to pipeline: Ferrero — Istanbul Oct 2026; Added note to contact", "folk_person_id": "per_29221649-5691-4c2f-9369-c3490aef3bfd", "folk_company_id": "com_91522f77-f397-407a-924f-a313bcb4ee24"}
{"ts": "2026-04-29T11:58:10Z", "action": "costsheet_generated", "ref": "LEV-FERR-001", "pm": "lgursoy", "client": "Ferrero SpA", "status": "success", "detail": "Client + internal copy (v1). Rep: euromic-hello-usa", "version": 1, "files": ["/opt/ods-turkey-brain/outputs/costsheet-ferrero-spa-istanbul-LEV-FERR-001-v1.xlsx", "/opt/ods-turkey-brain/outputs/costsheet-ferrero-spa-istanbul-LEV-FERR-001-v1-INTERNAL.xlsx"]}
{"ts": "2026-04-29T11:58:40Z", "action": "proposal_generated", "ref": "LEV-FERR-001", "pm": "lgursoy", "client": "Ferrero SpA", "status": "success", "detail": "Proposal PPTX generated (v1) — 22 slides", "version": 1, "files": ["/opt/ods-turkey-brain/outputs/proposal-ferrero-spa-istanbul-LEV-FERR-001-v1.pptx"]}
{"ts": "2026-04-30T05:00:05Z", "action": "intake_confirmation", "ref": "", "pm": "lgursoy", "client": "play@email.slots99.com", "status": "info", "detail": "Don't Miss Out On Your Bonus!😏"}
{"ts": "2026-04-30T05:00:06Z", "action": "intake_confirmation", "ref": "", "pm": "lgursoy", "client": "kathryn.hodges8iu@firestik.org", "status": "info", "detail": "Your Payment Is Confirmed"}
{"ts": "2026-04-30T05:00:07Z", "action": "intake_confirmation", "ref": "", "pm": "lgursoy", "client": "sales@euromsg.net", "status": "info", "detail": "STOP SALE  CULLINAN BELEK 29.04.2026"}
{"ts": "2026-04-30T05:00:07Z", "action": "intake_confirmation", "ref": "", "pm": "lgursoy", "client": "sales@euromsg.net", "status": "info", "detail": "STOP SALE  CULLINAN BELEK 29.04.2026"}
{"ts": "2026-04-30T05:00:07Z", "action": "intake_confirmation", "ref": "", "pm": "lgursoy", "client": "sales@euromsg.net", "status": "info", "detail": "STOP SALE  CULLINAN BELEK 29.04.2026"}
{"ts": "2026-04-30T05:00:08Z", "action": "intake_confirmation", "ref": "", "pm": "lgursoy", "client": "sales@euromsg.net", "status": "info", "detail": "STOP SALE  CULLINAN BELEK 29.04.2026"}
{"ts": "2026-04-30T05:00:08Z", "action": "intake_confirmation", "ref": "", "pm": "lgursoy", "client": "sales@euromsg.net", "status": "info", "detail": "STOP SALE  CULLINAN BELEK 29.04.2026"}
{"ts": "2026-04-30T05:00:16Z", "action": "intake_confirmation", "ref": "", "pm": "esakic", "client": "no-reply@folk.app", "status": "info", "detail": "Follow-up with"}
{"ts": "2026-04-30T05:00:35Z", "action": "folk_deal_created", "ref": "LEV-M-001", "pm": "esakic", "client": "M3", "status": "success", "detail": "Created company: M3; Created contact:  Erdem Genç (M3 Works) ; Added to pipeline: M3 — Istanbul 2026", "folk_person_id": "per_4815b3be-d496-422f-ab14-a58feb28d59c", "folk_company_id": "com_e99aa5ed-29a8-413c-a7c0-1756ebe0128c"}
{"ts": "2026-04-30T05:00:35Z", "action": "intake_rfp_created", "ref": "LEV-M-001", "pm": "esakic", "client": "erdem@m3.com.tr", "status": "success", "detail": "Auto-intake: Re: Servier - Business Summit ACE / PBE 2026 200 pax 1 Aralık 2026 Team Building"}
{"ts": "2026-04-30T05:00:41Z", "action": "intake_confirmation", "ref": "", "pm": "eertan", "client": "info@quantum-yazilim.com", "status": "info", "detail": "Automated myonlinedmc request confirm message"}
{"ts": "2026-04-30T05:00:42Z", "action": "intake_confirmation", "ref": "", "pm": "eertan", "client": "info@quantum-yazilim.com", "status": "info", "detail": "Automated myonlinedmc request confirm message"}
{"ts": "2026-04-30T05:00:43Z", "action": "daily_intake_complete", "ref": "", "pm": "", "client": "", "status": "success", "detail": "103 emails · 57 IRRELEVANT · 12 CLIENT_FOLLOWUP · 22 INTERNAL · 10 CONFIRMATION · 1 NEW_RFP · 1 SUPPLIER_QUOTE"}
